Archive member included to satisfy reference by file (symbol)

c:/ecad/lscc/propel/2024.1/sdk/riscv-none-embed-gcc/bin/../lib/gcc/riscv-none-embed/10.2.0/rv32ic/ilp32\libgcc.a(muldi3.o)
                              ./src/bsp/driver/riscv_mc/timer.o (__mulsi3)
c:/ecad/lscc/propel/2024.1/sdk/riscv-none-embed-gcc/bin/../lib/gcc/riscv-none-embed/10.2.0/rv32ic/ilp32\libgcc.a(div.o)
                              ./src/bsp/driver/uart/uart.o (__udivsi3)
c:\ecad\lscc\propel\2024.1\sdk\riscv-none-embed-gcc\bin\../riscv-none-embed/picolibc/riscv-none-embed/lib/rv32ic/ilp32\libc.a(libc_tinystdio_printf.c.o)
                              ./src/bsp/driver/riscv_mc/interrupt.o (printf)
c:\ecad\lscc\propel\2024.1\sdk\riscv-none-embed-gcc\bin\../riscv-none-embed/picolibc/riscv-none-embed/lib/rv32ic/ilp32\libc.a(libc_tinystdio_puts.c.o)
                              ./src/main.o (puts)
c:\ecad\lscc\propel\2024.1\sdk\riscv-none-embed-gcc\bin\../riscv-none-embed/picolibc/riscv-none-embed/lib/rv32ic/ilp32\libc.a(libc_tinystdio_vfiprintf.c.o)
                              (__i_vfprintf)
c:\ecad\lscc\propel\2024.1\sdk\riscv-none-embed-gcc\bin\../riscv-none-embed/picolibc/riscv-none-embed/lib/rv32ic/ilp32\libc.a(libc_tinystdio_vfiscanf.c.o)
                              (__i_vfscanf)
c:\ecad\lscc\propel\2024.1\sdk\riscv-none-embed-gcc\bin\../riscv-none-embed/picolibc/riscv-none-embed/lib/rv32ic/ilp32\libc.a(memset.S.o)
                              c:\ecad\lscc\propel\2024.1\sdk\riscv-none-embed-gcc\bin\../riscv-none-embed/picolibc/riscv-none-embed/lib/rv32ic/ilp32\libc.a(libc_tinystdio_vfiscanf.c.o) (memset)
c:\ecad\lscc\propel\2024.1\sdk\riscv-none-embed-gcc\bin\../riscv-none-embed/picolibc/riscv-none-embed/lib/rv32ic/ilp32\libc.a(libc_string_strchr.c.o)
                              c:\ecad\lscc\propel\2024.1\sdk\riscv-none-embed-gcc\bin\../riscv-none-embed/picolibc/riscv-none-embed/lib/rv32ic/ilp32\libc.a(libc_tinystdio_vfiscanf.c.o) (strchr)
c:\ecad\lscc\propel\2024.1\sdk\riscv-none-embed-gcc\bin\../riscv-none-embed/picolibc/riscv-none-embed/lib/rv32ic/ilp32\libc.a(libc_string_strnlen.c.o)
                              c:\ecad\lscc\propel\2024.1\sdk\riscv-none-embed-gcc\bin\../riscv-none-embed/picolibc/riscv-none-embed/lib/rv32ic/ilp32\libc.a(libc_tinystdio_vfiprintf.c.o) (strnlen)
c:\ecad\lscc\propel\2024.1\sdk\riscv-none-embed-gcc\bin\../riscv-none-embed/picolibc/riscv-none-embed/lib/rv32ic/ilp32\libc.a(libc_tinystdio_fgetc.c.o)
                              c:\ecad\lscc\propel\2024.1\sdk\riscv-none-embed-gcc\bin\../riscv-none-embed/picolibc/riscv-none-embed/lib/rv32ic/ilp32\libc.a(libc_tinystdio_vfiscanf.c.o) (fgetc)
c:\ecad\lscc\propel\2024.1\sdk\riscv-none-embed-gcc\bin\../riscv-none-embed/picolibc/riscv-none-embed/lib/rv32ic/ilp32\libc.a(libc_tinystdio_fputc.c.o)
                              c:\ecad\lscc\propel\2024.1\sdk\riscv-none-embed-gcc\bin\../riscv-none-embed/picolibc/riscv-none-embed/lib/rv32ic/ilp32\libc.a(libc_tinystdio_vfiprintf.c.o) (fputc)
c:\ecad\lscc\propel\2024.1\sdk\riscv-none-embed-gcc\bin\../riscv-none-embed/picolibc/riscv-none-embed/lib/rv32ic/ilp32\libc.a(libc_tinystdio_ungetc.c.o)
                              c:\ecad\lscc\propel\2024.1\sdk\riscv-none-embed-gcc\bin\../riscv-none-embed/picolibc/riscv-none-embed/lib/rv32ic/ilp32\libc.a(libc_tinystdio_vfiscanf.c.o) (ungetc)
c:\ecad\lscc\propel\2024.1\sdk\riscv-none-embed-gcc\bin\../riscv-none-embed/picolibc/riscv-none-embed/lib/rv32ic/ilp32\libc.a(libc_tinystdio_exchange.c.o)
                              c:\ecad\lscc\propel\2024.1\sdk\riscv-none-embed-gcc\bin\../riscv-none-embed/picolibc/riscv-none-embed/lib/rv32ic/ilp32\libc.a(libc_tinystdio_fgetc.c.o) (__atomic_exchange_ungetc)
c:\ecad\lscc\propel\2024.1\sdk\riscv-none-embed-gcc\bin\../riscv-none-embed/picolibc/riscv-none-embed/lib/rv32ic/ilp32\libc.a(libc_tinystdio_compare_exchange.c.o)
                              c:\ecad\lscc\propel\2024.1\sdk\riscv-none-embed-gcc\bin\../riscv-none-embed/picolibc/riscv-none-embed/lib/rv32ic/ilp32\libc.a(libc_tinystdio_ungetc.c.o) (__atomic_compare_exchange_ungetc)
c:/ecad/lscc/propel/2024.1/sdk/riscv-none-embed-gcc/bin/../lib/gcc/riscv-none-embed/10.2.0/rv32ic/ilp32\libgcc.a(save-restore.o)
                              c:\ecad\lscc\propel\2024.1\sdk\riscv-none-embed-gcc\bin\../riscv-none-embed/picolibc/riscv-none-embed/lib/rv32ic/ilp32\libc.a(libc_tinystdio_vfiprintf.c.o) (__riscv_save_12)

Discarded input sections

 .group         0x0000000000000000        0xc ./src/bsp/driver/uart/uart.o
 .group         0x0000000000000000        0xc ./src/bsp/driver/uart/uart.o
 .group         0x0000000000000000        0xc ./src/bsp/driver/uart/uart.o
 .group         0x0000000000000000        0xc ./src/bsp/driver/uart/uart.o
 .group         0x0000000000000000        0xc ./src/bsp/driver/uart/uart.o
 .group         0x0000000000000000        0xc ./src/bsp/driver/uart/uart.o
 .group         0x0000000000000000        0xc ./src/bsp/driver/uart/uart.o
 .group         0x0000000000000000        0xc ./src/bsp/driver/uart/uart.o
 .group         0x0000000000000000        0xc ./src/bsp/driver/uart/uart.o
 .group         0x0000000000000000        0xc ./src/bsp/driver/uart/uart.o
 .group         0x0000000000000000        0xc ./src/bsp/driver/uart/uart.o
 .group         0x0000000000000000        0xc ./src/bsp/driver/uart/uart.o
 .group         0x0000000000000000        0xc ./src/bsp/driver/uart/uart.o
 .group         0x0000000000000000        0xc ./src/bsp/driver/uart/uart.o
 .group         0x0000000000000000        0xc ./src/bsp/driver/uart/uart.o
 .group         0x0000000000000000        0xc ./src/bsp/driver/uart/uart.o
 .group         0x0000000000000000        0xc ./src/bsp/driver/uart/uart.o
 .group         0x0000000000000000        0xc ./src/bsp/driver/uart/uart.o
 .group         0x0000000000000000        0xc ./src/bsp/driver/uart/uart.o
 .group         0x0000000000000000        0xc ./src/bsp/driver/uart/uart.o
 .group         0x0000000000000000        0xc ./src/bsp/driver/uart/uart.o
 .group         0x0000000000000000        0xc ./src/bsp/driver/uart/uart.o
 .group         0x0000000000000000        0xc ./src/bsp/driver/uart/uart.o
 .group         0x0000000000000000        0xc ./src/bsp/driver/uart/uart.o
 .text          0x0000000000000000        0x0 ./src/bsp/driver/uart/uart.o
 .data          0x0000000000000000        0x0 ./src/bsp/driver/uart/uart.o
 .bss           0x0000000000000000        0x0 ./src/bsp/driver/uart/uart.o
 .text.uart_getc
                0x0000000000000000       0x70 ./src/bsp/driver/uart/uart.o
 .text.uart_config
                0x0000000000000000      0x146 ./src/bsp/driver/uart/uart.o
 .text.uart_set_rate
                0x0000000000000000       0x96 ./src/bsp/driver/uart/uart.o
 .group         0x0000000000000000        0xc ./src/bsp/driver/riscv_mc/cache.o
 .group         0x0000000000000000        0xc ./src/bsp/driver/riscv_mc/cache.o
 .group         0x0000000000000000        0xc ./src/bsp/driver/riscv_mc/cache.o
 .group         0x0000000000000000        0xc ./src/bsp/driver/riscv_mc/cache.o
 .group         0x0000000000000000        0xc ./src/bsp/driver/riscv_mc/cache.o
 .group         0x0000000000000000        0xc ./src/bsp/driver/riscv_mc/cache.o
 .group         0x0000000000000000        0xc ./src/bsp/driver/riscv_mc/cache.o
 .text          0x0000000000000000        0x0 ./src/bsp/driver/riscv_mc/cache.o
 .data          0x0000000000000000        0x0 ./src/bsp/driver/riscv_mc/cache.o
 .bss           0x0000000000000000        0x0 ./src/bsp/driver/riscv_mc/cache.o
 .text.cache_flush_ins
                0x0000000000000000       0x12 ./src/bsp/driver/riscv_mc/cache.o
 .text.cache_invalidate
                0x0000000000000000       0x12 ./src/bsp/driver/riscv_mc/cache.o
 .text.cache_invalidate_all
                0x0000000000000000        0xe ./src/bsp/driver/riscv_mc/cache.o
 .debug_info    0x0000000000000000       0xd2 ./src/bsp/driver/riscv_mc/cache.o
 .debug_abbrev  0x0000000000000000       0x81 ./src/bsp/driver/riscv_mc/cache.o
 .debug_aranges
                0x0000000000000000       0x30 ./src/bsp/driver/riscv_mc/cache.o
 .debug_ranges  0x0000000000000000       0x20 ./src/bsp/driver/riscv_mc/cache.o
 .debug_macro   0x0000000000000000       0x63 ./src/bsp/driver/riscv_mc/cache.o
 .debug_macro   0x0000000000000000      0x760 ./src/bsp/driver/riscv_mc/cache.o
 .debug_macro   0x0000000000000000      0x4c5 ./src/bsp/driver/riscv_mc/cache.o
 .debug_macro   0x0000000000000000       0x8e ./src/bsp/driver/riscv_mc/cache.o
 .debug_macro   0x0000000000000000       0x51 ./src/bsp/driver/riscv_mc/cache.o
 .debug_macro   0x0000000000000000      0x103 ./src/bsp/driver/riscv_mc/cache.o
 .debug_macro   0x0000000000000000       0x6a ./src/bsp/driver/riscv_mc/cache.o
 .debug_macro   0x0000000000000000      0x1df ./src/bsp/driver/riscv_mc/cache.o
 .debug_line    0x0000000000000000      0x238 ./src/bsp/driver/riscv_mc/cache.o
 .debug_str     0x0000000000000000     0x476a ./src/bsp/driver/riscv_mc/cache.o
 .comment       0x0000000000000000       0x34 ./src/bsp/driver/riscv_mc/cache.o
 .debug_frame   0x0000000000000000       0x7c ./src/bsp/driver/riscv_mc/cache.o
 .data          0x0000000000000000        0x0 ./src/bsp/driver/riscv_mc/crt0.o
 .bss           0x0000000000000000        0x0 ./src/bsp/driver/riscv_mc/crt0.o
 .group         0x0000000000000000        0xc ./src/bsp/driver/riscv_mc/exit.o
 .group         0x0000000000000000        0xc ./src/bsp/driver/riscv_mc/exit.o
 .group         0x0000000000000000        0xc ./src/bsp/driver/riscv_mc/exit.o
 .group         0x0000000000000000        0xc ./src/bsp/driver/riscv_mc/exit.o
 .group         0x0000000000000000        0xc ./src/bsp/driver/riscv_mc/exit.o
 .group         0x0000000000000000        0xc ./src/bsp/driver/riscv_mc/exit.o
 .group         0x0000000000000000        0xc ./src/bsp/driver/riscv_mc/exit.o
 .group         0x0000000000000000        0xc ./src/bsp/driver/riscv_mc/exit.o
 .group         0x0000000000000000        0xc ./src/bsp/driver/riscv_mc/exit.o
 .group         0x0000000000000000        0xc ./src/bsp/driver/riscv_mc/exit.o
 .group         0x0000000000000000        0xc ./src/bsp/driver/riscv_mc/exit.o
 .group         0x0000000000000000        0xc ./src/bsp/driver/riscv_mc/exit.o
 .group         0x0000000000000000        0xc ./src/bsp/driver/riscv_mc/exit.o
 .group         0x0000000000000000        0xc ./src/bsp/driver/riscv_mc/exit.o
 .group         0x0000000000000000        0xc ./src/bsp/driver/riscv_mc/exit.o
 .group         0x0000000000000000        0xc ./src/bsp/driver/riscv_mc/exit.o
 .group         0x0000000000000000        0xc ./src/bsp/driver/riscv_mc/exit.o
 .group         0x0000000000000000        0xc ./src/bsp/driver/riscv_mc/exit.o
 .group         0x0000000000000000        0xc ./src/bsp/driver/riscv_mc/exit.o
 .group         0x0000000000000000        0xc ./src/bsp/driver/riscv_mc/exit.o
 .group         0x0000000000000000        0xc ./src/bsp/driver/riscv_mc/exit.o
 .group         0x0000000000000000        0xc ./src/bsp/driver/riscv_mc/exit.o
 .text          0x0000000000000000        0x0 ./src/bsp/driver/riscv_mc/exit.o
 .data          0x0000000000000000        0x0 ./src/bsp/driver/riscv_mc/exit.o
 .bss           0x0000000000000000        0x0 ./src/bsp/driver/riscv_mc/exit.o
 .debug_macro   0x0000000000000000      0x760 ./src/bsp/driver/riscv_mc/exit.o
 .debug_macro   0x0000000000000000      0x4c5 ./src/bsp/driver/riscv_mc/exit.o
 .debug_macro   0x0000000000000000       0x35 ./src/bsp/driver/riscv_mc/exit.o
 .debug_macro   0x0000000000000000      0x201 ./src/bsp/driver/riscv_mc/exit.o
 .debug_macro   0x0000000000000000       0x3b ./src/bsp/driver/riscv_mc/exit.o
 .debug_macro   0x0000000000000000      0x103 ./src/bsp/driver/riscv_mc/exit.o
 .debug_macro   0x0000000000000000       0x34 ./src/bsp/driver/riscv_mc/exit.o
 .debug_macro   0x0000000000000000       0x6a ./src/bsp/driver/riscv_mc/exit.o
 .debug_macro   0x0000000000000000      0x1df ./src/bsp/driver/riscv_mc/exit.o
 .debug_macro   0x0000000000000000       0x82 ./src/bsp/driver/riscv_mc/exit.o
 .debug_macro   0x0000000000000000      0x4cc ./src/bsp/driver/riscv_mc/exit.o
 .debug_macro   0x0000000000000000       0x58 ./src/bsp/driver/riscv_mc/exit.o
 .debug_macro   0x0000000000000000       0x16 ./src/bsp/driver/riscv_mc/exit.o
 .debug_macro   0x0000000000000000       0x97 ./src/bsp/driver/riscv_mc/exit.o
 .debug_macro   0x0000000000000000       0x35 ./src/bsp/driver/riscv_mc/exit.o
 .debug_macro   0x0000000000000000       0x10 ./src/bsp/driver/riscv_mc/exit.o
 .debug_macro   0x0000000000000000       0x20 ./src/bsp/driver/riscv_mc/exit.o
 .debug_macro   0x0000000000000000       0xf9 ./src/bsp/driver/riscv_mc/exit.o
 .debug_macro   0x0000000000000000       0x8d ./src/bsp/driver/riscv_mc/exit.o
 .debug_macro   0x0000000000000000      0x358 ./src/bsp/driver/riscv_mc/exit.o
 .group         0x0000000000000000        0xc ./src/bsp/driver/riscv_mc/interrupt.o
 .group         0x0000000000000000        0xc ./src/bsp/driver/riscv_mc/interrupt.o
 .group         0x0000000000000000        0xc ./src/bsp/driver/riscv_mc/interrupt.o
 .group         0x0000000000000000        0xc ./src/bsp/driver/riscv_mc/interrupt.o
 .group         0x0000000000000000        0xc ./src/bsp/driver/riscv_mc/interrupt.o
 .group         0x0000000000000000        0xc ./src/bsp/driver/riscv_mc/interrupt.o
 .group         0x0000000000000000        0xc ./src/bsp/driver/riscv_mc/interrupt.o
 .group         0x0000000000000000        0xc ./src/bsp/driver/riscv_mc/interrupt.o
 .group         0x0000000000000000        0xc ./src/bsp/driver/riscv_mc/interrupt.o
 .group         0x0000000000000000        0xc ./src/bsp/driver/riscv_mc/interrupt.o
 .group         0x0000000000000000        0xc ./src/bsp/driver/riscv_mc/interrupt.o
 .group         0x0000000000000000        0xc ./src/bsp/driver/riscv_mc/interrupt.o
 .group         0x0000000000000000        0xc ./src/bsp/driver/riscv_mc/interrupt.o
 .group         0x0000000000000000        0xc ./src/bsp/driver/riscv_mc/interrupt.o
 .group         0x0000000000000000        0xc ./src/bsp/driver/riscv_mc/interrupt.o
 .group         0x0000000000000000        0xc ./src/bsp/driver/riscv_mc/interrupt.o
 .group         0x0000000000000000        0xc ./src/bsp/driver/riscv_mc/interrupt.o
 .group         0x0000000000000000        0xc ./src/bsp/driver/riscv_mc/interrupt.o
 .group         0x0000000000000000        0xc ./src/bsp/driver/riscv_mc/interrupt.o
 .group         0x0000000000000000        0xc ./src/bsp/driver/riscv_mc/interrupt.o
 .group         0x0000000000000000        0xc ./src/bsp/driver/riscv_mc/interrupt.o
 .group         0x0000000000000000        0xc ./src/bsp/driver/riscv_mc/interrupt.o
 .group         0x0000000000000000        0xc ./src/bsp/driver/riscv_mc/interrupt.o
 .text          0x0000000000000000        0x0 ./src/bsp/driver/riscv_mc/interrupt.o
 .data          0x0000000000000000        0x0 ./src/bsp/driver/riscv_mc/interrupt.o
 .bss           0x0000000000000000        0x0 ./src/bsp/driver/riscv_mc/interrupt.o
 .debug_macro   0x0000000000000000      0x760 ./src/bsp/driver/riscv_mc/interrupt.o
 .debug_macro   0x0000000000000000      0x4c5 ./src/bsp/driver/riscv_mc/interrupt.o
 .debug_macro   0x0000000000000000       0x35 ./src/bsp/driver/riscv_mc/interrupt.o
 .debug_macro   0x0000000000000000       0x94 ./src/bsp/driver/riscv_mc/interrupt.o
 .debug_macro   0x0000000000000000      0x201 ./src/bsp/driver/riscv_mc/interrupt.o
 .debug_macro   0x0000000000000000       0x3b ./src/bsp/driver/riscv_mc/interrupt.o
 .debug_macro   0x0000000000000000      0x103 ./src/bsp/driver/riscv_mc/interrupt.o
 .debug_macro   0x0000000000000000       0x34 ./src/bsp/driver/riscv_mc/interrupt.o
 .debug_macro   0x0000000000000000       0x57 ./src/bsp/driver/riscv_mc/interrupt.o
 .debug_macro   0x0000000000000000       0x6a ./src/bsp/driver/riscv_mc/interrupt.o
 .debug_macro   0x0000000000000000      0x1df ./src/bsp/driver/riscv_mc/interrupt.o
 .debug_macro   0x0000000000000000       0x82 ./src/bsp/driver/riscv_mc/interrupt.o
 .debug_macro   0x0000000000000000      0x4cc ./src/bsp/driver/riscv_mc/interrupt.o
 .debug_macro   0x0000000000000000       0x58 ./src/bsp/driver/riscv_mc/interrupt.o
 .debug_macro   0x0000000000000000       0x16 ./src/bsp/driver/riscv_mc/interrupt.o
 .debug_macro   0x0000000000000000       0x97 ./src/bsp/driver/riscv_mc/interrupt.o
 .debug_macro   0x0000000000000000       0x35 ./src/bsp/driver/riscv_mc/interrupt.o
 .debug_macro   0x0000000000000000       0x10 ./src/bsp/driver/riscv_mc/interrupt.o
 .debug_macro   0x0000000000000000       0x20 ./src/bsp/driver/riscv_mc/interrupt.o
 .debug_macro   0x0000000000000000       0xf9 ./src/bsp/driver/riscv_mc/interrupt.o
 .debug_macro   0x0000000000000000       0x8d ./src/bsp/driver/riscv_mc/interrupt.o
 .debug_macro   0x0000000000000000       0x22 ./src/bsp/driver/riscv_mc/interrupt.o
 .group         0x0000000000000000        0xc ./src/bsp/driver/riscv_mc/iob.o
 .group         0x0000000000000000        0xc ./src/bsp/driver/riscv_mc/iob.o
 .group         0x0000000000000000        0xc ./src/bsp/driver/riscv_mc/iob.o
 .group         0x0000000000000000        0xc ./src/bsp/driver/riscv_mc/iob.o
 .group         0x0000000000000000        0xc ./src/bsp/driver/riscv_mc/iob.o
 .group         0x0000000000000000        0xc ./src/bsp/driver/riscv_mc/iob.o
 .group         0x0000000000000000        0xc ./src/bsp/driver/riscv_mc/iob.o
 .group         0x0000000000000000        0xc ./src/bsp/driver/riscv_mc/iob.o
 .group         0x0000000000000000        0xc ./src/bsp/driver/riscv_mc/iob.o
 .group         0x0000000000000000        0xc ./src/bsp/driver/riscv_mc/iob.o
 .group         0x0000000000000000        0xc ./src/bsp/driver/riscv_mc/iob.o
 .group         0x0000000000000000        0xc ./src/bsp/driver/riscv_mc/iob.o
 .group         0x0000000000000000        0xc ./src/bsp/driver/riscv_mc/iob.o
 .group         0x0000000000000000        0xc ./src/bsp/driver/riscv_mc/iob.o
 .group         0x0000000000000000        0xc ./src/bsp/driver/riscv_mc/iob.o
 .group         0x0000000000000000        0xc ./src/bsp/driver/riscv_mc/iob.o
 .group         0x0000000000000000        0xc ./src/bsp/driver/riscv_mc/iob.o
 .group         0x0000000000000000        0xc ./src/bsp/driver/riscv_mc/iob.o
 .group         0x0000000000000000        0xc ./src/bsp/driver/riscv_mc/iob.o
 .group         0x0000000000000000        0xc ./src/bsp/driver/riscv_mc/iob.o
 .group         0x0000000000000000        0xc ./src/bsp/driver/riscv_mc/iob.o
 .group         0x0000000000000000        0xc ./src/bsp/driver/riscv_mc/iob.o
 .text          0x0000000000000000        0x0 ./src/bsp/driver/riscv_mc/iob.o
 .data          0x0000000000000000        0x0 ./src/bsp/driver/riscv_mc/iob.o
 .bss           0x0000000000000000        0x0 ./src/bsp/driver/riscv_mc/iob.o
 .debug_macro   0x0000000000000000      0x760 ./src/bsp/driver/riscv_mc/iob.o
 .debug_macro   0x0000000000000000      0x4c5 ./src/bsp/driver/riscv_mc/iob.o
 .debug_macro   0x0000000000000000       0x35 ./src/bsp/driver/riscv_mc/iob.o
 .debug_macro   0x0000000000000000       0x94 ./src/bsp/driver/riscv_mc/iob.o
 .debug_macro   0x0000000000000000      0x201 ./src/bsp/driver/riscv_mc/iob.o
 .debug_macro   0x0000000000000000       0x3b ./src/bsp/driver/riscv_mc/iob.o
 .debug_macro   0x0000000000000000      0x103 ./src/bsp/driver/riscv_mc/iob.o
 .debug_macro   0x0000000000000000       0x34 ./src/bsp/driver/riscv_mc/iob.o
 .debug_macro   0x0000000000000000       0x57 ./src/bsp/driver/riscv_mc/iob.o
 .debug_macro   0x0000000000000000       0x6a ./src/bsp/driver/riscv_mc/iob.o
 .debug_macro   0x0000000000000000      0x1df ./src/bsp/driver/riscv_mc/iob.o
 .debug_macro   0x0000000000000000       0x82 ./src/bsp/driver/riscv_mc/iob.o
 .debug_macro   0x0000000000000000      0x4cc ./src/bsp/driver/riscv_mc/iob.o
 .debug_macro   0x0000000000000000       0x58 ./src/bsp/driver/riscv_mc/iob.o
 .debug_macro   0x0000000000000000       0x16 ./src/bsp/driver/riscv_mc/iob.o
 .debug_macro   0x0000000000000000       0x97 ./src/bsp/driver/riscv_mc/iob.o
 .debug_macro   0x0000000000000000       0x35 ./src/bsp/driver/riscv_mc/iob.o
 .debug_macro   0x0000000000000000       0x10 ./src/bsp/driver/riscv_mc/iob.o
 .debug_macro   0x0000000000000000       0x20 ./src/bsp/driver/riscv_mc/iob.o
 .debug_macro   0x0000000000000000       0xf9 ./src/bsp/driver/riscv_mc/iob.o
 .debug_macro   0x0000000000000000       0x8d ./src/bsp/driver/riscv_mc/iob.o
 .debug_macro   0x0000000000000000      0x358 ./src/bsp/driver/riscv_mc/iob.o
 .group         0x0000000000000000        0xc ./src/bsp/driver/riscv_mc/pic.o
 .group         0x0000000000000000        0xc ./src/bsp/driver/riscv_mc/pic.o
 .group         0x0000000000000000        0xc ./src/bsp/driver/riscv_mc/pic.o
 .group         0x0000000000000000        0xc ./src/bsp/driver/riscv_mc/pic.o
 .group         0x0000000000000000        0xc ./src/bsp/driver/riscv_mc/pic.o
 .group         0x0000000000000000        0xc ./src/bsp/driver/riscv_mc/pic.o
 .group         0x0000000000000000        0xc ./src/bsp/driver/riscv_mc/pic.o
 .group         0x0000000000000000        0xc ./src/bsp/driver/riscv_mc/pic.o
 .group         0x0000000000000000        0xc ./src/bsp/driver/riscv_mc/pic.o
 .group         0x0000000000000000        0xc ./src/bsp/driver/riscv_mc/pic.o
 .group         0x0000000000000000        0xc ./src/bsp/driver/riscv_mc/pic.o
 .group         0x0000000000000000        0xc ./src/bsp/driver/riscv_mc/pic.o
 .group         0x0000000000000000        0xc ./src/bsp/driver/riscv_mc/pic.o
 .group         0x0000000000000000        0xc ./src/bsp/driver/riscv_mc/pic.o
 .group         0x0000000000000000        0xc ./src/bsp/driver/riscv_mc/pic.o
 .group         0x0000000000000000        0xc ./src/bsp/driver/riscv_mc/pic.o
 .group         0x0000000000000000        0xc ./src/bsp/driver/riscv_mc/pic.o
 .group         0x0000000000000000        0xc ./src/bsp/driver/riscv_mc/pic.o
 .group         0x0000000000000000        0xc ./src/bsp/driver/riscv_mc/pic.o
 .group         0x0000000000000000        0xc ./src/bsp/driver/riscv_mc/pic.o
 .group         0x0000000000000000        0xc ./src/bsp/driver/riscv_mc/pic.o
 .group         0x0000000000000000        0xc ./src/bsp/driver/riscv_mc/pic.o
 .text          0x0000000000000000        0x0 ./src/bsp/driver/riscv_mc/pic.o
 .data          0x0000000000000000        0x0 ./src/bsp/driver/riscv_mc/pic.o
 .bss           0x0000000000000000        0x0 ./src/bsp/driver/riscv_mc/pic.o
 .text.pic_init
                0x0000000000000000       0x8e ./src/bsp/driver/riscv_mc/pic.o
 .text.pic_int_enable
                0x0000000000000000       0x38 ./src/bsp/driver/riscv_mc/pic.o
 .text.pic_int_disable
                0x0000000000000000       0x3c ./src/bsp/driver/riscv_mc/pic.o
 .text.pic_int_polarity_set
                0x0000000000000000       0x46 ./src/bsp/driver/riscv_mc/pic.o
 .text.pic_int_polarity_get
                0x0000000000000000       0x3e ./src/bsp/driver/riscv_mc/pic.o
 .text.pic_int_status_get
                0x0000000000000000       0x24 ./src/bsp/driver/riscv_mc/pic.o
 .text.pic_isr_register
                0x0000000000000000       0x74 ./src/bsp/driver/riscv_mc/pic.o
 .debug_macro   0x0000000000000000      0x760 ./src/bsp/driver/riscv_mc/pic.o
 .debug_macro   0x0000000000000000      0x4c5 ./src/bsp/driver/riscv_mc/pic.o
 .debug_macro   0x0000000000000000       0x35 ./src/bsp/driver/riscv_mc/pic.o
 .debug_macro   0x0000000000000000       0x94 ./src/bsp/driver/riscv_mc/pic.o
 .debug_macro   0x0000000000000000      0x201 ./src/bsp/driver/riscv_mc/pic.o
 .debug_macro   0x0000000000000000       0x3b ./src/bsp/driver/riscv_mc/pic.o
 .debug_macro   0x0000000000000000      0x103 ./src/bsp/driver/riscv_mc/pic.o
 .debug_macro   0x0000000000000000       0x34 ./src/bsp/driver/riscv_mc/pic.o
 .debug_macro   0x0000000000000000       0x57 ./src/bsp/driver/riscv_mc/pic.o
 .debug_macro   0x0000000000000000       0x6a ./src/bsp/driver/riscv_mc/pic.o
 .debug_macro   0x0000000000000000      0x1df ./src/bsp/driver/riscv_mc/pic.o
 .debug_macro   0x0000000000000000       0x82 ./src/bsp/driver/riscv_mc/pic.o
 .debug_macro   0x0000000000000000      0x4cc ./src/bsp/driver/riscv_mc/pic.o
 .debug_macro   0x0000000000000000       0x58 ./src/bsp/driver/riscv_mc/pic.o
 .debug_macro   0x0000000000000000       0x16 ./src/bsp/driver/riscv_mc/pic.o
 .debug_macro   0x0000000000000000       0x97 ./src/bsp/driver/riscv_mc/pic.o
 .debug_macro   0x0000000000000000       0x35 ./src/bsp/driver/riscv_mc/pic.o
 .debug_macro   0x0000000000000000       0x10 ./src/bsp/driver/riscv_mc/pic.o
 .debug_macro   0x0000000000000000       0x20 ./src/bsp/driver/riscv_mc/pic.o
 .debug_macro   0x0000000000000000       0xf9 ./src/bsp/driver/riscv_mc/pic.o
 .debug_macro   0x0000000000000000       0x8d ./src/bsp/driver/riscv_mc/pic.o
 .debug_macro   0x0000000000000000       0x22 ./src/bsp/driver/riscv_mc/pic.o
 .group         0x0000000000000000        0xc ./src/bsp/driver/riscv_mc/reg_access.o
 .text          0x0000000000000000        0x0 ./src/bsp/driver/riscv_mc/reg_access.o
 .data          0x0000000000000000        0x0 ./src/bsp/driver/riscv_mc/reg_access.o
 .bss           0x0000000000000000        0x0 ./src/bsp/driver/riscv_mc/reg_access.o
 .text.reg_32b_write
                0x0000000000000000       0x2a ./src/bsp/driver/riscv_mc/reg_access.o
 .text.reg_32b_read
                0x0000000000000000       0x2c ./src/bsp/driver/riscv_mc/reg_access.o
 .text.reg_16b_write
                0x0000000000000000       0x2e ./src/bsp/driver/riscv_mc/reg_access.o
 .text.reg_16b_read
                0x0000000000000000       0x36 ./src/bsp/driver/riscv_mc/reg_access.o
 .text.reg_8b_write
                0x0000000000000000       0x2e ./src/bsp/driver/riscv_mc/reg_access.o
 .text.reg_8b_modify
                0x0000000000000000       0x74 ./src/bsp/driver/riscv_mc/reg_access.o
 .text.reg_8b_read
                0x0000000000000000       0x34 ./src/bsp/driver/riscv_mc/reg_access.o
 .debug_macro   0x0000000000000000      0x760 ./src/bsp/driver/riscv_mc/reg_access.o
 .group         0x0000000000000000        0xc ./src/bsp/driver/riscv_mc/timer.o
 .group         0x0000000000000000        0xc ./src/bsp/driver/riscv_mc/timer.o
 .group         0x0000000000000000        0xc ./src/bsp/driver/riscv_mc/timer.o
 .group         0x0000000000000000        0xc ./src/bsp/driver/riscv_mc/timer.o
 .group         0x0000000000000000        0xc ./src/bsp/driver/riscv_mc/timer.o
 .group         0x0000000000000000        0xc ./src/bsp/driver/riscv_mc/timer.o
 .group         0x0000000000000000        0xc ./src/bsp/driver/riscv_mc/timer.o
 .group         0x0000000000000000        0xc ./src/bsp/driver/riscv_mc/timer.o
 .group         0x0000000000000000        0xc ./src/bsp/driver/riscv_mc/timer.o
 .group         0x0000000000000000        0xc ./src/bsp/driver/riscv_mc/timer.o
 .group         0x0000000000000000        0xc ./src/bsp/driver/riscv_mc/timer.o
 .group         0x0000000000000000        0xc ./src/bsp/driver/riscv_mc/timer.o
 .group         0x0000000000000000        0xc ./src/bsp/driver/riscv_mc/timer.o
 .group         0x0000000000000000        0xc ./src/bsp/driver/riscv_mc/timer.o
 .group         0x0000000000000000        0xc ./src/bsp/driver/riscv_mc/timer.o
 .group         0x0000000000000000        0xc ./src/bsp/driver/riscv_mc/timer.o
 .group         0x0000000000000000        0xc ./src/bsp/driver/riscv_mc/timer.o
 .group         0x0000000000000000        0xc ./src/bsp/driver/riscv_mc/timer.o
 .group         0x0000000000000000        0xc ./src/bsp/driver/riscv_mc/timer.o
 .group         0x0000000000000000        0xc ./src/bsp/driver/riscv_mc/timer.o
 .group         0x0000000000000000        0xc ./src/bsp/driver/riscv_mc/timer.o
 .group         0x0000000000000000        0xc ./src/bsp/driver/riscv_mc/timer.o
 .group         0x0000000000000000        0xc ./src/bsp/driver/riscv_mc/timer.o
 .text          0x0000000000000000        0x0 ./src/bsp/driver/riscv_mc/timer.o
 .data          0x0000000000000000        0x0 ./src/bsp/driver/riscv_mc/timer.o
 .bss           0x0000000000000000        0x0 ./src/bsp/driver/riscv_mc/timer.o
 .text.timer_isr
                0x0000000000000000       0x54 ./src/bsp/driver/riscv_mc/timer.o
 .text.timer_init
                0x0000000000000000       0x5e ./src/bsp/driver/riscv_mc/timer.o
 .text.timer_start
                0x0000000000000000       0xac ./src/bsp/driver/riscv_mc/timer.o
 .text.timer_stop
                0x0000000000000000       0x48 ./src/bsp/driver/riscv_mc/timer.o
 .text.timer_get_mtime
                0x0000000000000000       0xa4 ./src/bsp/driver/riscv_mc/timer.o
 .text.timer_set_mtime
                0x0000000000000000       0x70 ./src/bsp/driver/riscv_mc/timer.o
 .text.timer_get_mtimecmp
                0x0000000000000000       0xa4 ./src/bsp/driver/riscv_mc/timer.o
 .text.timer_set_mtimecmp
                0x0000000000000000       0x70 ./src/bsp/driver/riscv_mc/timer.o
 .text.timer_reload
                0x0000000000000000       0xa6 ./src/bsp/driver/riscv_mc/timer.o
 .debug_info    0x0000000000000000      0x46c ./src/bsp/driver/riscv_mc/timer.o
 .debug_abbrev  0x0000000000000000      0x15e ./src/bsp/driver/riscv_mc/timer.o
 .debug_aranges
                0x0000000000000000       0x60 ./src/bsp/driver/riscv_mc/timer.o
 .debug_ranges  0x0000000000000000       0x50 ./src/bsp/driver/riscv_mc/timer.o
 .debug_macro   0x0000000000000000      0x13f ./src/bsp/driver/riscv_mc/timer.o
 .debug_macro   0x0000000000000000      0x760 ./src/bsp/driver/riscv_mc/timer.o
 .debug_macro   0x0000000000000000       0x22 ./src/bsp/driver/riscv_mc/timer.o
 .debug_macro   0x0000000000000000      0x4c5 ./src/bsp/driver/riscv_mc/timer.o
 .debug_macro   0x0000000000000000       0x35 ./src/bsp/driver/riscv_mc/timer.o
 .debug_macro   0x0000000000000000       0x94 ./src/bsp/driver/riscv_mc/timer.o
 .debug_macro   0x0000000000000000      0x201 ./src/bsp/driver/riscv_mc/timer.o
 .debug_macro   0x0000000000000000       0x3b ./src/bsp/driver/riscv_mc/timer.o
 .debug_macro   0x0000000000000000      0x103 ./src/bsp/driver/riscv_mc/timer.o
 .debug_macro   0x0000000000000000       0x34 ./src/bsp/driver/riscv_mc/timer.o
 .debug_macro   0x0000000000000000       0x57 ./src/bsp/driver/riscv_mc/timer.o
 .debug_macro   0x0000000000000000       0x6a ./src/bsp/driver/riscv_mc/timer.o
 .debug_macro   0x0000000000000000      0x1df ./src/bsp/driver/riscv_mc/timer.o
 .debug_macro   0x0000000000000000       0x82 ./src/bsp/driver/riscv_mc/timer.o
 .debug_macro   0x0000000000000000      0x4cc ./src/bsp/driver/riscv_mc/timer.o
 .debug_macro   0x0000000000000000       0x58 ./src/bsp/driver/riscv_mc/timer.o
 .debug_macro   0x0000000000000000       0x16 ./src/bsp/driver/riscv_mc/timer.o
 .debug_macro   0x0000000000000000       0x97 ./src/bsp/driver/riscv_mc/timer.o
 .debug_macro   0x0000000000000000       0x35 ./src/bsp/driver/riscv_mc/timer.o
 .debug_macro   0x0000000000000000       0x10 ./src/bsp/driver/riscv_mc/timer.o
 .debug_macro   0x0000000000000000       0x20 ./src/bsp/driver/riscv_mc/timer.o
 .debug_macro   0x0000000000000000       0xf9 ./src/bsp/driver/riscv_mc/timer.o
 .debug_macro   0x0000000000000000       0x8d ./src/bsp/driver/riscv_mc/timer.o
 .debug_macro   0x0000000000000000       0x22 ./src/bsp/driver/riscv_mc/timer.o
 .debug_line    0x0000000000000000      0x69b ./src/bsp/driver/riscv_mc/timer.o
 .debug_str     0x0000000000000000     0x6e40 ./src/bsp/driver/riscv_mc/timer.o
 .comment       0x0000000000000000       0x34 ./src/bsp/driver/riscv_mc/timer.o
 .debug_frame   0x0000000000000000      0x1bc ./src/bsp/driver/riscv_mc/timer.o
 .group         0x0000000000000000        0xc ./src/bsp/driver/riscv_mc/util.o
 .group         0x0000000000000000        0xc ./src/bsp/driver/riscv_mc/util.o
 .group         0x0000000000000000        0xc ./src/bsp/driver/riscv_mc/util.o
 .group         0x0000000000000000        0xc ./src/bsp/driver/riscv_mc/util.o
 .group         0x0000000000000000        0xc ./src/bsp/driver/riscv_mc/util.o
 .group         0x0000000000000000        0xc ./src/bsp/driver/riscv_mc/util.o
 .group         0x0000000000000000        0xc ./src/bsp/driver/riscv_mc/util.o
 .group         0x0000000000000000        0xc ./src/bsp/driver/riscv_mc/util.o
 .group         0x0000000000000000        0xc ./src/bsp/driver/riscv_mc/util.o
 .group         0x0000000000000000        0xc ./src/bsp/driver/riscv_mc/util.o
 .group         0x0000000000000000        0xc ./src/bsp/driver/riscv_mc/util.o
 .group         0x0000000000000000        0xc ./src/bsp/driver/riscv_mc/util.o
 .group         0x0000000000000000        0xc ./src/bsp/driver/riscv_mc/util.o
 .group         0x0000000000000000        0xc ./src/bsp/driver/riscv_mc/util.o
 .group         0x0000000000000000        0xc ./src/bsp/driver/riscv_mc/util.o
 .group         0x0000000000000000        0xc ./src/bsp/driver/riscv_mc/util.o
 .group         0x0000000000000000        0xc ./src/bsp/driver/riscv_mc/util.o
 .group         0x0000000000000000        0xc ./src/bsp/driver/riscv_mc/util.o
 .group         0x0000000000000000        0xc ./src/bsp/driver/riscv_mc/util.o
 .group         0x0000000000000000        0xc ./src/bsp/driver/riscv_mc/util.o
 .text          0x0000000000000000        0x0 ./src/bsp/driver/riscv_mc/util.o
 .data          0x0000000000000000        0x0 ./src/bsp/driver/riscv_mc/util.o
 .bss           0x0000000000000000        0x0 ./src/bsp/driver/riscv_mc/util.o
 .text.big_little_convert
                0x0000000000000000       0x6e ./src/bsp/driver/riscv_mc/util.o
 .debug_info    0x0000000000000000       0xd8 ./src/bsp/driver/riscv_mc/util.o
 .debug_abbrev  0x0000000000000000       0x87 ./src/bsp/driver/riscv_mc/util.o
 .debug_aranges
                0x0000000000000000       0x20 ./src/bsp/driver/riscv_mc/util.o
 .debug_ranges  0x0000000000000000       0x10 ./src/bsp/driver/riscv_mc/util.o
 .debug_macro   0x0000000000000000      0x100 ./src/bsp/driver/riscv_mc/util.o
 .debug_macro   0x0000000000000000      0x760 ./src/bsp/driver/riscv_mc/util.o
 .debug_macro   0x0000000000000000      0x4c5 ./src/bsp/driver/riscv_mc/util.o
 .debug_macro   0x0000000000000000       0x35 ./src/bsp/driver/riscv_mc/util.o
 .debug_macro   0x0000000000000000       0x94 ./src/bsp/driver/riscv_mc/util.o
 .debug_macro   0x0000000000000000      0x201 ./src/bsp/driver/riscv_mc/util.o
 .debug_macro   0x0000000000000000       0x3b ./src/bsp/driver/riscv_mc/util.o
 .debug_macro   0x0000000000000000      0x103 ./src/bsp/driver/riscv_mc/util.o
 .debug_macro   0x0000000000000000       0x34 ./src/bsp/driver/riscv_mc/util.o
 .debug_macro   0x0000000000000000       0x57 ./src/bsp/driver/riscv_mc/util.o
 .debug_macro   0x0000000000000000       0x6a ./src/bsp/driver/riscv_mc/util.o
 .debug_macro   0x0000000000000000      0x1df ./src/bsp/driver/riscv_mc/util.o
 .debug_macro   0x0000000000000000       0x82 ./src/bsp/driver/riscv_mc/util.o
 .debug_macro   0x0000000000000000      0x4cc ./src/bsp/driver/riscv_mc/util.o
 .debug_macro   0x0000000000000000       0x58 ./src/bsp/driver/riscv_mc/util.o
 .debug_macro   0x0000000000000000       0x16 ./src/bsp/driver/riscv_mc/util.o
 .debug_macro   0x0000000000000000       0x97 ./src/bsp/driver/riscv_mc/util.o
 .debug_macro   0x0000000000000000       0x35 ./src/bsp/driver/riscv_mc/util.o
 .debug_macro   0x0000000000000000       0x10 ./src/bsp/driver/riscv_mc/util.o
 .debug_macro   0x0000000000000000       0x20 ./src/bsp/driver/riscv_mc/util.o
 .debug_macro   0x0000000000000000       0xf9 ./src/bsp/driver/riscv_mc/util.o
 .debug_line    0x0000000000000000      0x335 ./src/bsp/driver/riscv_mc/util.o
 .debug_str     0x0000000000000000     0x6a99 ./src/bsp/driver/riscv_mc/util.o
 .comment       0x0000000000000000       0x34 ./src/bsp/driver/riscv_mc/util.o
 .debug_frame   0x0000000000000000       0x34 ./src/bsp/driver/riscv_mc/util.o
 .group         0x0000000000000000        0xc ./src/bsp/driver/gpio/gpio.o
 .group         0x0000000000000000        0xc ./src/bsp/driver/gpio/gpio.o
 .group         0x0000000000000000        0xc ./src/bsp/driver/gpio/gpio.o
 .text          0x0000000000000000        0x0 ./src/bsp/driver/gpio/gpio.o
 .data          0x0000000000000000        0x0 ./src/bsp/driver/gpio/gpio.o
 .bss           0x0000000000000000        0x0 ./src/bsp/driver/gpio/gpio.o
 .text.gpio_set_direction
                0x0000000000000000       0x52 ./src/bsp/driver/gpio/gpio.o
 .text.gpio_input_get
                0x0000000000000000       0x3e ./src/bsp/driver/gpio/gpio.o
 .debug_macro   0x0000000000000000      0x760 ./src/bsp/driver/gpio/gpio.o
 .group         0x0000000000000000        0xc ./src/main.o
 .group         0x0000000000000000        0xc ./src/main.o
 .group         0x0000000000000000        0xc ./src/main.o
 .group         0x0000000000000000        0xc ./src/main.o
 .group         0x0000000000000000        0xc ./src/main.o
 .group         0x0000000000000000        0xc ./src/main.o
 .group         0x0000000000000000        0xc ./src/main.o
 .group         0x0000000000000000        0xc ./src/main.o
 .group         0x0000000000000000        0xc ./src/main.o
 .group         0x0000000000000000        0xc ./src/main.o
 .group         0x0000000000000000        0xc ./src/main.o
 .group         0x0000000000000000        0xc ./src/main.o
 .group         0x0000000000000000        0xc ./src/main.o
 .group         0x0000000000000000        0xc ./src/main.o
 .group         0x0000000000000000        0xc ./src/main.o
 .group         0x0000000000000000        0xc ./src/main.o
 .group         0x0000000000000000        0xc ./src/main.o
 .group         0x0000000000000000        0xc ./src/main.o
 .group         0x0000000000000000        0xc ./src/main.o
 .group         0x0000000000000000        0xc ./src/main.o
 .group         0x0000000000000000        0xc ./src/main.o
 .group         0x0000000000000000        0xc ./src/main.o
 .group         0x0000000000000000        0xc ./src/main.o
 .group         0x0000000000000000        0xc ./src/main.o
 .group         0x0000000000000000        0xc ./src/main.o
 .group         0x0000000000000000        0xc ./src/main.o
 .group         0x0000000000000000        0xc ./src/main.o
 .text          0x0000000000000000        0x0 ./src/main.o
 .data          0x0000000000000000        0x0 ./src/main.o
 .bss           0x0000000000000000        0x0 ./src/main.o
 .debug_macro   0x0000000000000000      0x760 ./src/main.o
 .debug_macro   0x0000000000000000      0x4c5 ./src/main.o
 .debug_macro   0x0000000000000000       0x35 ./src/main.o
 .debug_macro   0x0000000000000000       0x94 ./src/main.o
 .debug_macro   0x0000000000000000      0x201 ./src/main.o
 .debug_macro   0x0000000000000000       0x3b ./src/main.o
 .debug_macro   0x0000000000000000      0x103 ./src/main.o
 .debug_macro   0x0000000000000000       0x34 ./src/main.o
 .debug_macro   0x0000000000000000       0x57 ./src/main.o
 .debug_macro   0x0000000000000000       0x6a ./src/main.o
 .debug_macro   0x0000000000000000      0x1df ./src/main.o
 .debug_macro   0x0000000000000000       0x82 ./src/main.o
 .debug_macro   0x0000000000000000      0x4cc ./src/main.o
 .debug_macro   0x0000000000000000       0x58 ./src/main.o
 .debug_macro   0x0000000000000000       0x16 ./src/main.o
 .debug_macro   0x0000000000000000       0x97 ./src/main.o
 .debug_macro   0x0000000000000000       0x35 ./src/main.o
 .debug_macro   0x0000000000000000       0x10 ./src/main.o
 .debug_macro   0x0000000000000000       0x20 ./src/main.o
 .debug_macro   0x0000000000000000       0xf9 ./src/main.o
 .debug_macro   0x0000000000000000       0x8d ./src/main.o
 .debug_macro   0x0000000000000000       0x22 ./src/main.o
 .debug_macro   0x0000000000000000      0x358 ./src/main.o
 .group         0x0000000000000000        0xc ./src/utils.o
 .group         0x0000000000000000        0xc ./src/utils.o
 .group         0x0000000000000000        0xc ./src/utils.o
 .group         0x0000000000000000        0xc ./src/utils.o
 .group         0x0000000000000000        0xc ./src/utils.o
 .group         0x0000000000000000        0xc ./src/utils.o
 .group         0x0000000000000000        0xc ./src/utils.o
 .group         0x0000000000000000        0xc ./src/utils.o
 .group         0x0000000000000000        0xc ./src/utils.o
 .group         0x0000000000000000        0xc ./src/utils.o
 .text          0x0000000000000000        0x0 ./src/utils.o
 .data          0x0000000000000000        0x0 ./src/utils.o
 .bss           0x0000000000000000        0x0 ./src/utils.o
 .debug_macro   0x0000000000000000      0x760 ./src/utils.o
 .debug_macro   0x0000000000000000      0x4c5 ./src/utils.o
 .debug_macro   0x0000000000000000       0x8e ./src/utils.o
 .debug_macro   0x0000000000000000       0x51 ./src/utils.o
 .debug_macro   0x0000000000000000      0x103 ./src/utils.o
 .debug_macro   0x0000000000000000       0x6a ./src/utils.o
 .debug_macro   0x0000000000000000      0x1df ./src/utils.o
 .debug_macro   0x0000000000000000       0x10 ./src/utils.o
 .debug_macro   0x0000000000000000      0x124 ./src/utils.o
 .text          0x0000000000000000       0x18 c:/ecad/lscc/propel/2024.1/sdk/riscv-none-embed-gcc/bin/../lib/gcc/riscv-none-embed/10.2.0/rv32ic/ilp32\libgcc.a(muldi3.o)
 .data          0x0000000000000000        0x0 c:/ecad/lscc/propel/2024.1/sdk/riscv-none-embed-gcc/bin/../lib/gcc/riscv-none-embed/10.2.0/rv32ic/ilp32\libgcc.a(muldi3.o)
 .bss           0x0000000000000000        0x0 c:/ecad/lscc/propel/2024.1/sdk/riscv-none-embed-gcc/bin/../lib/gcc/riscv-none-embed/10.2.0/rv32ic/ilp32\libgcc.a(muldi3.o)
 .data          0x0000000000000000        0x0 c:/ecad/lscc/propel/2024.1/sdk/riscv-none-embed-gcc/bin/../lib/gcc/riscv-none-embed/10.2.0/rv32ic/ilp32\libgcc.a(div.o)
 .bss           0x0000000000000000        0x0 c:/ecad/lscc/propel/2024.1/sdk/riscv-none-embed-gcc/bin/../lib/gcc/riscv-none-embed/10.2.0/rv32ic/ilp32\libgcc.a(div.o)
 .text          0x0000000000000000        0x0 c:\ecad\lscc\propel\2024.1\sdk\riscv-none-embed-gcc\bin\../riscv-none-embed/picolibc/riscv-none-embed/lib/rv32ic/ilp32\libc.a(libc_tinystdio_printf.c.o)
 .data          0x0000000000000000        0x0 c:\ecad\lscc\propel\2024.1\sdk\riscv-none-embed-gcc\bin\../riscv-none-embed/picolibc/riscv-none-embed/lib/rv32ic/ilp32\libc.a(libc_tinystdio_printf.c.o)
 .bss           0x0000000000000000        0x0 c:\ecad\lscc\propel\2024.1\sdk\riscv-none-embed-gcc\bin\../riscv-none-embed/picolibc/riscv-none-embed/lib/rv32ic/ilp32\libc.a(libc_tinystdio_printf.c.o)
 .text          0x0000000000000000        0x0 c:\ecad\lscc\propel\2024.1\sdk\riscv-none-embed-gcc\bin\../riscv-none-embed/picolibc/riscv-none-embed/lib/rv32ic/ilp32\libc.a(libc_tinystdio_puts.c.o)
 .data          0x0000000000000000        0x0 c:\ecad\lscc\propel\2024.1\sdk\riscv-none-embed-gcc\bin\../riscv-none-embed/picolibc/riscv-none-embed/lib/rv32ic/ilp32\libc.a(libc_tinystdio_puts.c.o)
 .bss           0x0000000000000000        0x0 c:\ecad\lscc\propel\2024.1\sdk\riscv-none-embed-gcc\bin\../riscv-none-embed/picolibc/riscv-none-embed/lib/rv32ic/ilp32\libc.a(libc_tinystdio_puts.c.o)
 .text          0x0000000000000000        0x0 c:\ecad\lscc\propel\2024.1\sdk\riscv-none-embed-gcc\bin\../riscv-none-embed/picolibc/riscv-none-embed/lib/rv32ic/ilp32\libc.a(libc_tinystdio_vfiprintf.c.o)
 .data          0x0000000000000000        0x0 c:\ecad\lscc\propel\2024.1\sdk\riscv-none-embed-gcc\bin\../riscv-none-embed/picolibc/riscv-none-embed/lib/rv32ic/ilp32\libc.a(libc_tinystdio_vfiprintf.c.o)
 .bss           0x0000000000000000        0x0 c:\ecad\lscc\propel\2024.1\sdk\riscv-none-embed-gcc\bin\../riscv-none-embed/picolibc/riscv-none-embed/lib/rv32ic/ilp32\libc.a(libc_tinystdio_vfiprintf.c.o)
 .text          0x0000000000000000        0x0 c:\ecad\lscc\propel\2024.1\sdk\riscv-none-embed-gcc\bin\../riscv-none-embed/picolibc/riscv-none-embed/lib/rv32ic/ilp32\libc.a(libc_tinystdio_vfiscanf.c.o)
 .data          0x0000000000000000        0x0 c:\ecad\lscc\propel\2024.1\sdk\riscv-none-embed-gcc\bin\../riscv-none-embed/picolibc/riscv-none-embed/lib/rv32ic/ilp32\libc.a(libc_tinystdio_vfiscanf.c.o)
 .bss           0x0000000000000000        0x0 c:\ecad\lscc\propel\2024.1\sdk\riscv-none-embed-gcc\bin\../riscv-none-embed/picolibc/riscv-none-embed/lib/rv32ic/ilp32\libc.a(libc_tinystdio_vfiscanf.c.o)
 .text.scanf_getc
                0x0000000000000000       0x24 c:\ecad\lscc\propel\2024.1\sdk\riscv-none-embed-gcc\bin\../riscv-none-embed/picolibc/riscv-none-embed/lib/rv32ic/ilp32\libc.a(libc_tinystdio_vfiscanf.c.o)
 .text.scanf_ungetc
                0x0000000000000000       0x24 c:\ecad\lscc\propel\2024.1\sdk\riscv-none-embed-gcc\bin\../riscv-none-embed/picolibc/riscv-none-embed/lib/rv32ic/ilp32\libc.a(libc_tinystdio_vfiscanf.c.o)
 .text.skip_spaces
                0x0000000000000000       0x4c c:\ecad\lscc\propel\2024.1\sdk\riscv-none-embed-gcc\bin\../riscv-none-embed/picolibc/riscv-none-embed/lib/rv32ic/ilp32\libc.a(libc_tinystdio_vfiscanf.c.o)
 .text.putval   0x0000000000000000       0x34 c:\ecad\lscc\propel\2024.1\sdk\riscv-none-embed-gcc\bin\../riscv-none-embed/picolibc/riscv-none-embed/lib/rv32ic/ilp32\libc.a(libc_tinystdio_vfiscanf.c.o)
 .rodata.str1.4
                0x0000000000000000        0xc c:\ecad\lscc\propel\2024.1\sdk\riscv-none-embed-gcc\bin\../riscv-none-embed/picolibc/riscv-none-embed/lib/rv32ic/ilp32\libc.a(libc_tinystdio_vfiscanf.c.o)
 .text.vfscanf  0x0000000000000000      0x4f4 c:\ecad\lscc\propel\2024.1\sdk\riscv-none-embed-gcc\bin\../riscv-none-embed/picolibc/riscv-none-embed/lib/rv32ic/ilp32\libc.a(libc_tinystdio_vfiscanf.c.o)
 .comment       0x0000000000000000       0x34 c:\ecad\lscc\propel\2024.1\sdk\riscv-none-embed-gcc\bin\../riscv-none-embed/picolibc/riscv-none-embed/lib/rv32ic/ilp32\libc.a(libc_tinystdio_vfiscanf.c.o)
 .text          0x0000000000000000        0x0 c:\ecad\lscc\propel\2024.1\sdk\riscv-none-embed-gcc\bin\../riscv-none-embed/picolibc/riscv-none-embed/lib/rv32ic/ilp32\libc.a(memset.S.o)
 .data          0x0000000000000000        0x0 c:\ecad\lscc\propel\2024.1\sdk\riscv-none-embed-gcc\bin\../riscv-none-embed/picolibc/riscv-none-embed/lib/rv32ic/ilp32\libc.a(memset.S.o)
 .bss           0x0000000000000000        0x0 c:\ecad\lscc\propel\2024.1\sdk\riscv-none-embed-gcc\bin\../riscv-none-embed/picolibc/riscv-none-embed/lib/rv32ic/ilp32\libc.a(memset.S.o)
 .text.memset   0x0000000000000000       0xa8 c:\ecad\lscc\propel\2024.1\sdk\riscv-none-embed-gcc\bin\../riscv-none-embed/picolibc/riscv-none-embed/lib/rv32ic/ilp32\libc.a(memset.S.o)
 .text          0x0000000000000000        0x0 c:\ecad\lscc\propel\2024.1\sdk\riscv-none-embed-gcc\bin\../riscv-none-embed/picolibc/riscv-none-embed/lib/rv32ic/ilp32\libc.a(libc_string_strchr.c.o)
 .data          0x0000000000000000        0x0 c:\ecad\lscc\propel\2024.1\sdk\riscv-none-embed-gcc\bin\../riscv-none-embed/picolibc/riscv-none-embed/lib/rv32ic/ilp32\libc.a(libc_string_strchr.c.o)
 .bss           0x0000000000000000        0x0 c:\ecad\lscc\propel\2024.1\sdk\riscv-none-embed-gcc\bin\../riscv-none-embed/picolibc/riscv-none-embed/lib/rv32ic/ilp32\libc.a(libc_string_strchr.c.o)
 .text.strchr   0x0000000000000000       0x1a c:\ecad\lscc\propel\2024.1\sdk\riscv-none-embed-gcc\bin\../riscv-none-embed/picolibc/riscv-none-embed/lib/rv32ic/ilp32\libc.a(libc_string_strchr.c.o)
 .comment       0x0000000000000000       0x34 c:\ecad\lscc\propel\2024.1\sdk\riscv-none-embed-gcc\bin\../riscv-none-embed/picolibc/riscv-none-embed/lib/rv32ic/ilp32\libc.a(libc_string_strchr.c.o)
 .text          0x0000000000000000        0x0 c:\ecad\lscc\propel\2024.1\sdk\riscv-none-embed-gcc\bin\../riscv-none-embed/picolibc/riscv-none-embed/lib/rv32ic/ilp32\libc.a(libc_string_strnlen.c.o)
 .data          0x0000000000000000        0x0 c:\ecad\lscc\propel\2024.1\sdk\riscv-none-embed-gcc\bin\../riscv-none-embed/picolibc/riscv-none-embed/lib/rv32ic/ilp32\libc.a(libc_string_strnlen.c.o)
 .bss           0x0000000000000000        0x0 c:\ecad\lscc\propel\2024.1\sdk\riscv-none-embed-gcc\bin\../riscv-none-embed/picolibc/riscv-none-embed/lib/rv32ic/ilp32\libc.a(libc_string_strnlen.c.o)
 .text          0x0000000000000000        0x0 c:\ecad\lscc\propel\2024.1\sdk\riscv-none-embed-gcc\bin\../riscv-none-embed/picolibc/riscv-none-embed/lib/rv32ic/ilp32\libc.a(libc_tinystdio_fgetc.c.o)
 .data          0x0000000000000000        0x0 c:\ecad\lscc\propel\2024.1\sdk\riscv-none-embed-gcc\bin\../riscv-none-embed/picolibc/riscv-none-embed/lib/rv32ic/ilp32\libc.a(libc_tinystdio_fgetc.c.o)
 .bss           0x0000000000000000        0x0 c:\ecad\lscc\propel\2024.1\sdk\riscv-none-embed-gcc\bin\../riscv-none-embed/picolibc/riscv-none-embed/lib/rv32ic/ilp32\libc.a(libc_tinystdio_fgetc.c.o)
 .text.fgetc    0x0000000000000000       0x58 c:\ecad\lscc\propel\2024.1\sdk\riscv-none-embed-gcc\bin\../riscv-none-embed/picolibc/riscv-none-embed/lib/rv32ic/ilp32\libc.a(libc_tinystdio_fgetc.c.o)
 .comment       0x0000000000000000       0x34 c:\ecad\lscc\propel\2024.1\sdk\riscv-none-embed-gcc\bin\../riscv-none-embed/picolibc/riscv-none-embed/lib/rv32ic/ilp32\libc.a(libc_tinystdio_fgetc.c.o)
 .text          0x0000000000000000        0x0 c:\ecad\lscc\propel\2024.1\sdk\riscv-none-embed-gcc\bin\../riscv-none-embed/picolibc/riscv-none-embed/lib/rv32ic/ilp32\libc.a(libc_tinystdio_fputc.c.o)
 .data          0x0000000000000000        0x0 c:\ecad\lscc\propel\2024.1\sdk\riscv-none-embed-gcc\bin\../riscv-none-embed/picolibc/riscv-none-embed/lib/rv32ic/ilp32\libc.a(libc_tinystdio_fputc.c.o)
 .bss           0x0000000000000000        0x0 c:\ecad\lscc\propel\2024.1\sdk\riscv-none-embed-gcc\bin\../riscv-none-embed/picolibc/riscv-none-embed/lib/rv32ic/ilp32\libc.a(libc_tinystdio_fputc.c.o)
 .text          0x0000000000000000        0x0 c:\ecad\lscc\propel\2024.1\sdk\riscv-none-embed-gcc\bin\../riscv-none-embed/picolibc/riscv-none-embed/lib/rv32ic/ilp32\libc.a(libc_tinystdio_ungetc.c.o)
 .data          0x0000000000000000        0x0 c:\ecad\lscc\propel\2024.1\sdk\riscv-none-embed-gcc\bin\../riscv-none-embed/picolibc/riscv-none-embed/lib/rv32ic/ilp32\libc.a(libc_tinystdio_ungetc.c.o)
 .bss           0x0000000000000000        0x0 c:\ecad\lscc\propel\2024.1\sdk\riscv-none-embed-gcc\bin\../riscv-none-embed/picolibc/riscv-none-embed/lib/rv32ic/ilp32\libc.a(libc_tinystdio_ungetc.c.o)
 .text.ungetc   0x0000000000000000       0x3e c:\ecad\lscc\propel\2024.1\sdk\riscv-none-embed-gcc\bin\../riscv-none-embed/picolibc/riscv-none-embed/lib/rv32ic/ilp32\libc.a(libc_tinystdio_ungetc.c.o)
 .comment       0x0000000000000000       0x34 c:\ecad\lscc\propel\2024.1\sdk\riscv-none-embed-gcc\bin\../riscv-none-embed/picolibc/riscv-none-embed/lib/rv32ic/ilp32\libc.a(libc_tinystdio_ungetc.c.o)
 .text          0x0000000000000000        0x0 c:\ecad\lscc\propel\2024.1\sdk\riscv-none-embed-gcc\bin\../riscv-none-embed/picolibc/riscv-none-embed/lib/rv32ic/ilp32\libc.a(libc_tinystdio_exchange.c.o)
 .data          0x0000000000000000        0x0 c:\ecad\lscc\propel\2024.1\sdk\riscv-none-embed-gcc\bin\../riscv-none-embed/picolibc/riscv-none-embed/lib/rv32ic/ilp32\libc.a(libc_tinystdio_exchange.c.o)
 .bss           0x0000000000000000        0x0 c:\ecad\lscc\propel\2024.1\sdk\riscv-none-embed-gcc\bin\../riscv-none-embed/picolibc/riscv-none-embed/lib/rv32ic/ilp32\libc.a(libc_tinystdio_exchange.c.o)
 .text.__picolibc_non_atomic_exchange_ungetc
                0x0000000000000000        0xc c:\ecad\lscc\propel\2024.1\sdk\riscv-none-embed-gcc\bin\../riscv-none-embed/picolibc/riscv-none-embed/lib/rv32ic/ilp32\libc.a(libc_tinystdio_exchange.c.o)
 .comment       0x0000000000000000       0x34 c:\ecad\lscc\propel\2024.1\sdk\riscv-none-embed-gcc\bin\../riscv-none-embed/picolibc/riscv-none-embed/lib/rv32ic/ilp32\libc.a(libc_tinystdio_exchange.c.o)
 .text          0x0000000000000000        0x0 c:\ecad\lscc\propel\2024.1\sdk\riscv-none-embed-gcc\bin\../riscv-none-embed/picolibc/riscv-none-embed/lib/rv32ic/ilp32\libc.a(libc_tinystdio_compare_exchange.c.o)
 .data          0x0000000000000000        0x0 c:\ecad\lscc\propel\2024.1\sdk\riscv-none-embed-gcc\bin\../riscv-none-embed/picolibc/riscv-none-embed/lib/rv32ic/ilp32\libc.a(libc_tinystdio_compare_exchange.c.o)
 .bss           0x0000000000000000        0x0 c:\ecad\lscc\propel\2024.1\sdk\riscv-none-embed-gcc\bin\../riscv-none-embed/picolibc/riscv-none-embed/lib/rv32ic/ilp32\libc.a(libc_tinystdio_compare_exchange.c.o)
 .text.__picolibc_non_atomic_compare_exchange_ungetc
                0x0000000000000000       0x10 c:\ecad\lscc\propel\2024.1\sdk\riscv-none-embed-gcc\bin\../riscv-none-embed/picolibc/riscv-none-embed/lib/rv32ic/ilp32\libc.a(libc_tinystdio_compare_exchange.c.o)
 .comment       0x0000000000000000       0x34 c:\ecad\lscc\propel\2024.1\sdk\riscv-none-embed-gcc\bin\../riscv-none-embed/picolibc/riscv-none-embed/lib/rv32ic/ilp32\libc.a(libc_tinystdio_compare_exchange.c.o)
 .data          0x0000000000000000        0x0 c:/ecad/lscc/propel/2024.1/sdk/riscv-none-embed-gcc/bin/../lib/gcc/riscv-none-embed/10.2.0/rv32ic/ilp32\libgcc.a(save-restore.o)
 .bss           0x0000000000000000        0x0 c:/ecad/lscc/propel/2024.1/sdk/riscv-none-embed-gcc/bin/../lib/gcc/riscv-none-embed/10.2.0/rv32ic/ilp32\libgcc.a(save-restore.o)
 .eh_frame      0x0000000000000000       0xf8 c:/ecad/lscc/propel/2024.1/sdk/riscv-none-embed-gcc/bin/../lib/gcc/riscv-none-embed/10.2.0/rv32ic/ilp32\libgcc.a(save-restore.o)

Memory Configuration

Name             Origin             Length             Attributes
sysmem0_inst     0x0000000000000000 0x0000000000004000 xrw
*default*        0x0000000000000000 0xffffffffffffffff

Linker script and memory map

                0x0000000000000824                vfprintf = __i_vfprintf
                0x0000000000000000                vfscanf = __i_vfscanf
LOAD ./src/bsp/driver/uart/uart.o
LOAD ./src/bsp/driver/riscv_mc/cache.o
LOAD ./src/bsp/driver/riscv_mc/crt0.o
LOAD ./src/bsp/driver/riscv_mc/exit.o
LOAD ./src/bsp/driver/riscv_mc/interrupt.o
LOAD ./src/bsp/driver/riscv_mc/iob.o
LOAD ./src/bsp/driver/riscv_mc/pic.o
LOAD ./src/bsp/driver/riscv_mc/reg_access.o
LOAD ./src/bsp/driver/riscv_mc/timer.o
LOAD ./src/bsp/driver/riscv_mc/util.o
LOAD ./src/bsp/driver/gpio/gpio.o
LOAD ./src/main.o
LOAD ./src/utils.o
LOAD c:/ecad/lscc/propel/2024.1/sdk/riscv-none-embed-gcc/bin/../lib/gcc/riscv-none-embed/10.2.0/rv32ic/ilp32\libgcc.a
START GROUP
LOAD c:/ecad/lscc/propel/2024.1/sdk/riscv-none-embed-gcc/bin/../lib/gcc/riscv-none-embed/10.2.0/rv32ic/ilp32\libgcc.a
LOAD c:\ecad\lscc\propel\2024.1\sdk\riscv-none-embed-gcc\bin\../riscv-none-embed/picolibc/riscv-none-embed/lib/rv32ic/ilp32\libc.a
END GROUP
LOAD c:/ecad/lscc/propel/2024.1/sdk/riscv-none-embed-gcc/bin/../lib/gcc/riscv-none-embed/10.2.0/rv32ic/ilp32\libgcc.a
                0x0000000000000000                _HEAP_SIZE = DEFINED (_HEAP_SIZE)?_HEAP_SIZE:0x0
                0x0000000000000a00                _STACK_SIZE = DEFINED (_STACK_SIZE)?_STACK_SIZE:0xa00

.text           0x0000000000000000      0xd48
                0x0000000000000000                _ftext = .
                [!provide]                        PROVIDE (_sprof = .)
 *(SORT_BY_NAME(.crt*))
 .crt0          0x0000000000000000       0x90 ./src/bsp/driver/riscv_mc/crt0.o
                0x0000000000000000                _start
                0x0000000000000010                trap_entry
 *(.text .text.* .gnu.linkonce.t.*)
 .text.uart_init
                0x0000000000000090       0x8a ./src/bsp/driver/uart/uart.o
                0x0000000000000090                uart_init
 .text.uart_putc
                0x000000000000011a       0x62 ./src/bsp/driver/uart/uart.o
                0x000000000000011a                uart_putc
 .text          0x000000000000017c       0x40 ./src/bsp/driver/riscv_mc/crt0.o
 .text._exit    0x00000000000001bc        0xc ./src/bsp/driver/riscv_mc/exit.o
                0x00000000000001bc                _exit
 .text.irq_callback
                0x00000000000001c8       0xbe ./src/bsp/driver/riscv_mc/interrupt.o
                0x00000000000001c8                irq_callback
 .text.esr_callback
                0x0000000000000286       0x40 ./src/bsp/driver/riscv_mc/interrupt.o
                0x0000000000000286                esr_callback
 .text.iob_init
                0x00000000000002c6       0x38 ./src/bsp/driver/riscv_mc/iob.o
                0x00000000000002c6                iob_init
 .text.iob_putc
                0x00000000000002fe       0x3c ./src/bsp/driver/riscv_mc/iob.o
 .text.iob_getc
                0x000000000000033a       0x30 ./src/bsp/driver/riscv_mc/iob.o
 .text.iob_flush
                0x000000000000036a       0x30 ./src/bsp/driver/riscv_mc/iob.o
 .text.pic_int_clear
                0x000000000000039a       0x28 ./src/bsp/driver/riscv_mc/pic.o
                0x000000000000039a                pic_int_clear
 .text.pic_int_pending
                0x00000000000003c2       0x3a ./src/bsp/driver/riscv_mc/pic.o
                0x00000000000003c2                pic_int_pending
 .text.reg_32b_modify
                0x00000000000003fc       0x46 ./src/bsp/driver/riscv_mc/reg_access.o
                0x00000000000003fc                reg_32b_modify
 .text.gpio_init
                0x0000000000000442       0xa4 ./src/bsp/driver/gpio/gpio.o
                0x0000000000000442                gpio_init
 .text.gpio_output_write
                0x00000000000004e6       0x60 ./src/bsp/driver/gpio/gpio.o
                0x00000000000004e6                gpio_output_write
 .text.lscc_uart_putc
                0x0000000000000546       0x56 ./src/main.o
 .text.lscc_uart_getc
                0x000000000000059c       0x14 ./src/main.o
 .text.lscc_uart_flush
                0x00000000000005b0       0x14 ./src/main.o
 .text.bsp_init
                0x00000000000005c4       0x5e ./src/main.o
 .text.main     0x0000000000000622       0x62 ./src/main.o
                0x0000000000000622                main
 .text.trap_init
                0x0000000000000684        0xe ./src/utils.o
                0x0000000000000684                trap_init
 .text.delayCycle
                0x0000000000000692       0x48 ./src/utils.o
                0x0000000000000692                delayCycle
 .text.delay    0x00000000000006da       0x1c ./src/utils.o
                0x00000000000006da                delay
 *fill*         0x00000000000006f6        0x2 
 .text          0x00000000000006f8       0x7e c:/ecad/lscc/propel/2024.1/sdk/riscv-none-embed-gcc/bin/../lib/gcc/riscv-none-embed/10.2.0/rv32ic/ilp32\libgcc.a(div.o)
                0x00000000000006f8                __divsi3
                0x0000000000000700                __udivsi3
                0x000000000000072c                __umodsi3
                0x0000000000000750                __modsi3
 .text.printf   0x0000000000000776       0x26 c:\ecad\lscc\propel\2024.1\sdk\riscv-none-embed-gcc\bin\../riscv-none-embed/picolibc/riscv-none-embed/lib/rv32ic/ilp32\libc.a(libc_tinystdio_printf.c.o)
                0x0000000000000776                printf
 .text.puts     0x000000000000079c       0x3c c:\ecad\lscc\propel\2024.1\sdk\riscv-none-embed-gcc\bin\../riscv-none-embed/picolibc/riscv-none-embed/lib/rv32ic/ilp32\libc.a(libc_tinystdio_puts.c.o)
                0x000000000000079c                puts
 .text.__ultoa_invert
                0x00000000000007d8       0x4c c:\ecad\lscc\propel\2024.1\sdk\riscv-none-embed-gcc\bin\../riscv-none-embed/picolibc/riscv-none-embed/lib/rv32ic/ilp32\libc.a(libc_tinystdio_vfiprintf.c.o)
 .text.vfprintf
                0x0000000000000824      0x48a c:\ecad\lscc\propel\2024.1\sdk\riscv-none-embed-gcc\bin\../riscv-none-embed/picolibc/riscv-none-embed/lib/rv32ic/ilp32\libc.a(libc_tinystdio_vfiprintf.c.o)
                0x0000000000000824                __i_vfprintf
 .text.strnlen  0x0000000000000cae       0x18 c:\ecad\lscc\propel\2024.1\sdk\riscv-none-embed-gcc\bin\../riscv-none-embed/picolibc/riscv-none-embed/lib/rv32ic/ilp32\libc.a(libc_string_strnlen.c.o)
                0x0000000000000cae                strnlen
 .text.fputc    0x0000000000000cc6       0x20 c:\ecad\lscc\propel\2024.1\sdk\riscv-none-embed-gcc\bin\../riscv-none-embed/picolibc/riscv-none-embed/lib/rv32ic/ilp32\libc.a(libc_tinystdio_fputc.c.o)
                0x0000000000000cc6                fputc
                0x0000000000000cc6                putc
 .text          0x0000000000000ce6       0x60 c:/ecad/lscc/propel/2024.1/sdk/riscv-none-embed-gcc/bin/../lib/gcc/riscv-none-embed/10.2.0/rv32ic/ilp32\libgcc.a(save-restore.o)
                0x0000000000000ce6                __riscv_save_12
                0x0000000000000cee                __riscv_save_9
                0x0000000000000cee                __riscv_save_11
                0x0000000000000cee                __riscv_save_10
                0x0000000000000cee                __riscv_save_8
                0x0000000000000cfc                __riscv_save_4
                0x0000000000000cfc                __riscv_save_6
                0x0000000000000cfc                __riscv_save_5
                0x0000000000000cfc                __riscv_save_7
                0x0000000000000d16                __riscv_save_3
                0x0000000000000d16                __riscv_save_2
                0x0000000000000d16                __riscv_save_1
                0x0000000000000d16                __riscv_save_0
                0x0000000000000d22                __riscv_restore_12
                0x0000000000000d26                __riscv_restore_11
                0x0000000000000d26                __riscv_restore_9
                0x0000000000000d26                __riscv_restore_10
                0x0000000000000d26                __riscv_restore_8
                0x0000000000000d30                __riscv_restore_5
                0x0000000000000d30                __riscv_restore_7
                0x0000000000000d30                __riscv_restore_6
                0x0000000000000d30                __riscv_restore_4
                0x0000000000000d3a                __riscv_restore_3
                0x0000000000000d3a                __riscv_restore_0
                0x0000000000000d3a                __riscv_restore_2
                0x0000000000000d3a                __riscv_restore_1
 *(.init)
 *(.fini)
                0x0000000000000d48                . = ALIGN (0x4)
 *fill*         0x0000000000000d46        0x2 
                0x0000000000000d48                _etext = .

.gprof          0x0000000000000d48        0x0
                [!provide]                        PROVIDE (_s_part_prof = .)
 *(.gprof)
                0x0000000000000d48                . = ALIGN (0x4)
                [!provide]                        PROVIDE (_eprof = .)

.ctors          0x0000000000000d48        0x0
                0x0000000000000d48                _ctors_start = .
 *(.init_array*)
 *(SORT_BY_NAME(.ctors.*))
 *(.ctors)
                0x0000000000000d48                . = ALIGN (0x4)
                0x0000000000000d48                _ctors_end = .

.dtors          0x0000000000000d48        0x0
                0x0000000000000d48                _dtors_start = .
 *(SORT_BY_NAME(.dtors.*))
 *(.dtors)
                0x0000000000000d48                . = ALIGN (0x4)

.rodata         0x0000000000000d48       0x7c
 *(.rdata)
 *(.rodata .rodata.*)
 .rodata        0x0000000000000d48       0x32 ./src/bsp/driver/riscv_mc/interrupt.o
 *fill*         0x0000000000000d7a        0x2 
 .rodata.__iob  0x0000000000000d7c        0xc ./src/bsp/driver/riscv_mc/iob.o
                0x0000000000000d7c                __iob
 .rodata        0x0000000000000d88       0x29 ./src/main.o
 *fill*         0x0000000000000db1        0x3 
 .rodata.str1.4
                0x0000000000000db4       0x10 c:\ecad\lscc\propel\2024.1\sdk\riscv-none-embed-gcc\bin\../riscv-none-embed/picolibc/riscv-none-embed/lib/rv32ic/ilp32\libc.a(libc_tinystdio_vfiprintf.c.o)
 *(.gnu.linkonce.r.*)
                0x0000000000000dc4                . = ALIGN (0x4)

.rela.dyn       0x0000000000000dc4        0x0
 .rela.text     0x0000000000000dc4        0x0 ./src/bsp/driver/uart/uart.o
 .rela.text.bsp_init
                0x0000000000000dc4        0x0 ./src/bsp/driver/uart/uart.o
 .rela.text.printf
                0x0000000000000dc4        0x0 ./src/bsp/driver/uart/uart.o
 .rela.text.puts
                0x0000000000000dc4        0x0 ./src/bsp/driver/uart/uart.o

.data           0x0000000000000dc4       0x18
 *(.data .data.*)
 .data.__stdio  0x0000000000000dc4       0x14 ./src/bsp/driver/riscv_mc/iob.o
 *(.gnu.linkonce.d.*)
                0x0000000000000dd8                . = ALIGN (0x4)
                0x00000000000015d8                PROVIDE (__global_pointer$ = (. + 0x800))
 *(.sdata .sdata.*)
 .sdata.pin_state.0
                0x0000000000000dd8        0x1 ./src/main.o
 *(.gnu.linkonce.s.*)
 *(.srodata.cst16)
 *(.srodata.cst8)
 *(.srodata.cst4)
 *(.srodata.cst2)
 *(.srodata .srodata.*)
                0x0000000000000ddc                . = ALIGN (0x4)
 *fill*         0x0000000000000dd9        0x3 

.bss            0x0000000000000ddc      0x1bc
                0x0000000000000ddc                _bss_start = .
 *(.sbss*)
 .sbss.s_putc_func
                0x0000000000000ddc        0x4 ./src/bsp/driver/riscv_mc/iob.o
 .sbss.s_getc_func
                0x0000000000000de0        0x4 ./src/bsp/driver/riscv_mc/iob.o
 .sbss.s_flush_func
                0x0000000000000de4        0x4 ./src/bsp/driver/riscv_mc/iob.o
 .sbss.pic_dev  0x0000000000000de8        0x4 ./src/bsp/driver/riscv_mc/pic.o
                0x0000000000000de8                pic_dev
 .sbss.idx.1    0x0000000000000dec        0x1 ./src/main.o
 *(.gnu.linkonce.sb.*)
 *(.bss .bss.*)
 *fill*         0x0000000000000ded        0x3 
 .bss.int_table
                0x0000000000000df0       0x48 ./src/bsp/driver/riscv_mc/pic.o
                0x0000000000000df0                int_table
 .bss.gpio_inst
                0x0000000000000e38      0x108 ./src/main.o
                0x0000000000000e38                gpio_inst
 .bss.uart_core_uart
                0x0000000000000f40       0x58 ./src/main.o
                0x0000000000000f40                uart_core_uart
 *(.gnu.linkonce.b.*)
 *(COMMON)
                0x0000000000000f98                . = ALIGN (0x4)
                0x0000000000000f98                _bss_end = .

.heap           0x0000000000000f98        0x0
                [!provide]                        PROVIDE (_heap_start = .)
                [!provide]                        PROVIDE (__heap_start = .)
                0x0000000000000f98                . = (. + _HEAP_SIZE)
                0x0000000000000f98                . = ALIGN (0x8)
                [!provide]                        PROVIDE (_heap_end = .)
                [!provide]                        PROVIDE (__heap_end = .)

.stack          0x0000000000000fa0      0xa00
                [!provide]                        PROVIDE (_stack_end = .)
                0x00000000000019a0                . = (. + _STACK_SIZE)
 *fill*         0x0000000000000fa0      0xa00 
                0x00000000000019a0                . = ALIGN (0x10)
                0x00000000000019a0                PROVIDE (_stack_start = .)
                [!provide]                        PROVIDE (_end = .)
                [!provide]                        PROVIDE (end = .)
OUTPUT(riscv_mc_helloworld.elf elf32-littleriscv)

.debug_info     0x0000000000000000     0x1813
 .debug_info    0x0000000000000000      0x4c1 ./src/bsp/driver/uart/uart.o
 .debug_info    0x00000000000004c1       0x22 ./src/bsp/driver/riscv_mc/crt0.o
 .debug_info    0x00000000000004e3       0xa0 ./src/bsp/driver/riscv_mc/exit.o
 .debug_info    0x0000000000000583      0x1a6 ./src/bsp/driver/riscv_mc/interrupt.o
 .debug_info    0x0000000000000729      0x30d ./src/bsp/driver/riscv_mc/iob.o
 .debug_info    0x0000000000000a36      0x36a ./src/bsp/driver/riscv_mc/pic.o
 .debug_info    0x0000000000000da0      0x2cc ./src/bsp/driver/riscv_mc/reg_access.o
 .debug_info    0x000000000000106c      0x232 ./src/bsp/driver/gpio/gpio.o
 .debug_info    0x000000000000129e      0x45f ./src/main.o
 .debug_info    0x00000000000016fd      0x116 ./src/utils.o

.debug_abbrev   0x0000000000000000      0x9e9
 .debug_abbrev  0x0000000000000000      0x165 ./src/bsp/driver/uart/uart.o
 .debug_abbrev  0x0000000000000165       0x12 ./src/bsp/driver/riscv_mc/crt0.o
 .debug_abbrev  0x0000000000000177       0x5b ./src/bsp/driver/riscv_mc/exit.o
 .debug_abbrev  0x00000000000001d2      0x137 ./src/bsp/driver/riscv_mc/interrupt.o
 .debug_abbrev  0x0000000000000309      0x14f ./src/bsp/driver/riscv_mc/iob.o
 .debug_abbrev  0x0000000000000458      0x155 ./src/bsp/driver/riscv_mc/pic.o
 .debug_abbrev  0x00000000000005ad       0x8e ./src/bsp/driver/riscv_mc/reg_access.o
 .debug_abbrev  0x000000000000063b      0x10d ./src/bsp/driver/gpio/gpio.o
 .debug_abbrev  0x0000000000000748      0x1cd ./src/main.o
 .debug_abbrev  0x0000000000000915       0xd4 ./src/utils.o

.debug_aranges  0x0000000000000000      0x248
 .debug_aranges
                0x0000000000000000       0x40 ./src/bsp/driver/uart/uart.o
 .debug_aranges
                0x0000000000000040       0x28 ./src/bsp/driver/riscv_mc/crt0.o
 .debug_aranges
                0x0000000000000068       0x20 ./src/bsp/driver/riscv_mc/exit.o
 .debug_aranges
                0x0000000000000088       0x28 ./src/bsp/driver/riscv_mc/interrupt.o
 .debug_aranges
                0x00000000000000b0       0x38 ./src/bsp/driver/riscv_mc/iob.o
 .debug_aranges
                0x00000000000000e8       0x60 ./src/bsp/driver/riscv_mc/pic.o
 .debug_aranges
                0x0000000000000148       0x58 ./src/bsp/driver/riscv_mc/reg_access.o
 .debug_aranges
                0x00000000000001a0       0x38 ./src/bsp/driver/gpio/gpio.o
 .debug_aranges
                0x00000000000001d8       0x40 ./src/main.o
 .debug_aranges
                0x0000000000000218       0x30 ./src/utils.o

.debug_ranges   0x0000000000000000      0x1b0
 .debug_ranges  0x0000000000000000       0x30 ./src/bsp/driver/uart/uart.o
 .debug_ranges  0x0000000000000030       0x20 ./src/bsp/driver/riscv_mc/crt0.o
 .debug_ranges  0x0000000000000050       0x10 ./src/bsp/driver/riscv_mc/exit.o
 .debug_ranges  0x0000000000000060       0x18 ./src/bsp/driver/riscv_mc/interrupt.o
 .debug_ranges  0x0000000000000078       0x28 ./src/bsp/driver/riscv_mc/iob.o
 .debug_ranges  0x00000000000000a0       0x50 ./src/bsp/driver/riscv_mc/pic.o
 .debug_ranges  0x00000000000000f0       0x48 ./src/bsp/driver/riscv_mc/reg_access.o
 .debug_ranges  0x0000000000000138       0x28 ./src/bsp/driver/gpio/gpio.o
 .debug_ranges  0x0000000000000160       0x30 ./src/main.o
 .debug_ranges  0x0000000000000190       0x20 ./src/utils.o

.debug_macro    0x0000000000000000     0x2c54
 .debug_macro   0x0000000000000000      0x182 ./src/bsp/driver/uart/uart.o
 .debug_macro   0x0000000000000182      0x760 ./src/bsp/driver/uart/uart.o
 .debug_macro   0x00000000000008e2      0x4c5 ./src/bsp/driver/uart/uart.o
 .debug_macro   0x0000000000000da7       0x8e ./src/bsp/driver/uart/uart.o
 .debug_macro   0x0000000000000e35       0x51 ./src/bsp/driver/uart/uart.o
 .debug_macro   0x0000000000000e86      0x103 ./src/bsp/driver/uart/uart.o
 .debug_macro   0x0000000000000f89       0x6a ./src/bsp/driver/uart/uart.o
 .debug_macro   0x0000000000000ff3      0x1df ./src/bsp/driver/uart/uart.o
 .debug_macro   0x00000000000011d2       0x22 ./src/bsp/driver/uart/uart.o
 .debug_macro   0x00000000000011f4       0x52 ./src/bsp/driver/uart/uart.o
 .debug_macro   0x0000000000001246       0x35 ./src/bsp/driver/uart/uart.o
 .debug_macro   0x000000000000127b      0x201 ./src/bsp/driver/uart/uart.o
 .debug_macro   0x000000000000147c       0x3b ./src/bsp/driver/uart/uart.o
 .debug_macro   0x00000000000014b7       0x34 ./src/bsp/driver/uart/uart.o
 .debug_macro   0x00000000000014eb       0x82 ./src/bsp/driver/uart/uart.o
 .debug_macro   0x000000000000156d      0x4cc ./src/bsp/driver/uart/uart.o
 .debug_macro   0x0000000000001a39       0x58 ./src/bsp/driver/uart/uart.o
 .debug_macro   0x0000000000001a91       0x16 ./src/bsp/driver/uart/uart.o
 .debug_macro   0x0000000000001aa7       0x97 ./src/bsp/driver/uart/uart.o
 .debug_macro   0x0000000000001b3e       0x35 ./src/bsp/driver/uart/uart.o
 .debug_macro   0x0000000000001b73       0x10 ./src/bsp/driver/uart/uart.o
 .debug_macro   0x0000000000001b83       0x20 ./src/bsp/driver/uart/uart.o
 .debug_macro   0x0000000000001ba3       0xf9 ./src/bsp/driver/uart/uart.o
 .debug_macro   0x0000000000001c9c       0x8d ./src/bsp/driver/uart/uart.o
 .debug_macro   0x0000000000001d29      0x358 ./src/bsp/driver/uart/uart.o
 .debug_macro   0x0000000000002081      0x118 ./src/bsp/driver/riscv_mc/exit.o
 .debug_macro   0x0000000000002199       0x94 ./src/bsp/driver/riscv_mc/exit.o
 .debug_macro   0x000000000000222d       0x57 ./src/bsp/driver/riscv_mc/exit.o
 .debug_macro   0x0000000000002284      0x135 ./src/bsp/driver/riscv_mc/interrupt.o
 .debug_macro   0x00000000000023b9       0x22 ./src/bsp/driver/riscv_mc/interrupt.o
 .debug_macro   0x00000000000023db      0x122 ./src/bsp/driver/riscv_mc/iob.o
 .debug_macro   0x00000000000024fd      0x136 ./src/bsp/driver/riscv_mc/pic.o
 .debug_macro   0x0000000000002633       0x1b ./src/bsp/driver/riscv_mc/reg_access.o
 .debug_macro   0x000000000000264e       0x37 ./src/bsp/driver/gpio/gpio.o
 .debug_macro   0x0000000000002685       0x46 ./src/bsp/driver/gpio/gpio.o
 .debug_macro   0x00000000000026cb      0x174 ./src/bsp/driver/gpio/gpio.o
 .debug_macro   0x000000000000283f      0x1a1 ./src/main.o
 .debug_macro   0x00000000000029e0       0x10 ./src/main.o
 .debug_macro   0x00000000000029f0      0x124 ./src/main.o
 .debug_macro   0x0000000000002b14       0x2e ./src/main.o
 .debug_macro   0x0000000000002b42       0x58 ./src/main.o
 .debug_macro   0x0000000000002b9a       0x80 ./src/utils.o
 .debug_macro   0x0000000000002c1a       0x3a ./src/utils.o

.debug_line     0x0000000000000000     0x273f
 .debug_line    0x0000000000000000      0x746 ./src/bsp/driver/uart/uart.o
 .debug_line    0x0000000000000746      0x1c2 ./src/bsp/driver/riscv_mc/crt0.o
 .debug_line    0x0000000000000908      0x2ee ./src/bsp/driver/riscv_mc/exit.o
 .debug_line    0x0000000000000bf6      0x3ea ./src/bsp/driver/riscv_mc/interrupt.o
 .debug_line    0x0000000000000fe0      0x401 ./src/bsp/driver/riscv_mc/iob.o
 .debug_line    0x00000000000013e1      0x5d2 ./src/bsp/driver/riscv_mc/pic.o
 .debug_line    0x00000000000019b3      0x246 ./src/bsp/driver/riscv_mc/reg_access.o
 .debug_line    0x0000000000001bf9      0x29a ./src/bsp/driver/gpio/gpio.o
 .debug_line    0x0000000000001e93      0x5e7 ./src/main.o
 .debug_line    0x000000000000247a      0x2c5 ./src/utils.o

.debug_str      0x0000000000000000     0x8ef9
 .debug_str     0x0000000000000000     0x812b ./src/bsp/driver/uart/uart.o
                                       0x83fc (size before relaxing)
 .debug_str     0x000000000000812b       0x2e ./src/bsp/driver/riscv_mc/crt0.o
                                         0x76 (size before relaxing)
 .debug_str     0x0000000000008159       0x28 ./src/bsp/driver/riscv_mc/exit.o
                                       0x8023 (size before relaxing)
 .debug_str     0x0000000000008181      0x144 ./src/bsp/driver/riscv_mc/interrupt.o
                                       0x6d3c (size before relaxing)
 .debug_str     0x00000000000082c5       0xe1 ./src/bsp/driver/riscv_mc/iob.o
                                       0x812e (size before relaxing)
 .debug_str     0x00000000000083a6       0xe7 ./src/bsp/driver/riscv_mc/pic.o
                                       0x6d97 (size before relaxing)
 .debug_str     0x000000000000848d       0xda ./src/bsp/driver/riscv_mc/reg_access.o
                                       0x2786 (size before relaxing)
 .debug_str     0x0000000000008567      0x1f3 ./src/bsp/driver/gpio/gpio.o
                                       0x2bcb (size before relaxing)
 .debug_str     0x000000000000875a      0x75f ./src/main.o
                                       0x8b28 (size before relaxing)
 .debug_str     0x0000000000008eb9       0x40 ./src/utils.o
                                       0x4e43 (size before relaxing)

.comment        0x0000000000000000       0x33
 .comment       0x0000000000000000       0x33 ./src/bsp/driver/uart/uart.o
                                         0x34 (size before relaxing)
 .comment       0x0000000000000033       0x34 ./src/bsp/driver/riscv_mc/exit.o
 .comment       0x0000000000000033       0x34 ./src/bsp/driver/riscv_mc/interrupt.o
 .comment       0x0000000000000033       0x34 ./src/bsp/driver/riscv_mc/iob.o
 .comment       0x0000000000000033       0x34 ./src/bsp/driver/riscv_mc/pic.o
 .comment       0x0000000000000033       0x34 ./src/bsp/driver/riscv_mc/reg_access.o
 .comment       0x0000000000000033       0x34 ./src/bsp/driver/gpio/gpio.o
 .comment       0x0000000000000033       0x34 ./src/main.o
 .comment       0x0000000000000033       0x34 ./src/utils.o
 .comment       0x0000000000000033       0x34 c:\ecad\lscc\propel\2024.1\sdk\riscv-none-embed-gcc\bin\../riscv-none-embed/picolibc/riscv-none-embed/lib/rv32ic/ilp32\libc.a(libc_tinystdio_printf.c.o)
 .comment       0x0000000000000033       0x34 c:\ecad\lscc\propel\2024.1\sdk\riscv-none-embed-gcc\bin\../riscv-none-embed/picolibc/riscv-none-embed/lib/rv32ic/ilp32\libc.a(libc_tinystdio_puts.c.o)
 .comment       0x0000000000000033       0x34 c:\ecad\lscc\propel\2024.1\sdk\riscv-none-embed-gcc\bin\../riscv-none-embed/picolibc/riscv-none-embed/lib/rv32ic/ilp32\libc.a(libc_tinystdio_vfiprintf.c.o)
 .comment       0x0000000000000033       0x34 c:\ecad\lscc\propel\2024.1\sdk\riscv-none-embed-gcc\bin\../riscv-none-embed/picolibc/riscv-none-embed/lib/rv32ic/ilp32\libc.a(libc_string_strnlen.c.o)
 .comment       0x0000000000000033       0x34 c:\ecad\lscc\propel\2024.1\sdk\riscv-none-embed-gcc\bin\../riscv-none-embed/picolibc/riscv-none-embed/lib/rv32ic/ilp32\libc.a(libc_tinystdio_fputc.c.o)

.debug_frame    0x0000000000000000      0x678
 .debug_frame   0x0000000000000000       0xc8 ./src/bsp/driver/uart/uart.o
 .debug_frame   0x00000000000000c8       0x2c ./src/bsp/driver/riscv_mc/exit.o
 .debug_frame   0x00000000000000f4       0x60 ./src/bsp/driver/riscv_mc/interrupt.o
 .debug_frame   0x0000000000000154       0xac ./src/bsp/driver/riscv_mc/iob.o
 .debug_frame   0x0000000000000200      0x158 ./src/bsp/driver/riscv_mc/pic.o
 .debug_frame   0x0000000000000358      0x130 ./src/bsp/driver/riscv_mc/reg_access.o
 .debug_frame   0x0000000000000488       0xac ./src/bsp/driver/gpio/gpio.o
 .debug_frame   0x0000000000000534       0xc4 ./src/main.o
 .debug_frame   0x00000000000005f8       0x80 ./src/utils.o
